# Tests that a graph can be constructed

# Create a graph
created graph emptyGraph

# Print the nodes in the graph
emptyGraph contains: